Enter password: **********
Welcome to the MySQL monitor.  Commands end with ; or \g.
Your MySQL connection id is 11
Server version: 8.0.43 MySQL Community Server - GPL

Copyright (c) 2000, 2025, Oracle and/or its affiliates.

Oracle is a registered trademark of Oracle Corporation and/or its
affiliates. Other names may be trademarks of their respective
owners.

Type 'help;' or '\h' for help. Type '\c' to clear the current input statement.

mysql> show databases;
+--------------------+
| Database           |
+--------------------+
| banking            |
| bankingdb          |
| college            |
| collegedb          |
| companydb          |
| geodb              |
| information_schema |
| mall               |
| mydb               |
| mysql              |
| performance_schema |
| sakila             |
| shopping           |
| sppu               |
| student            |
| sys                |
| tcadb16            |
| trgg               |
| world              |
| xyz                |
+--------------------+
20 rows in set (0.06 sec)

mysql> use tcadb16;
Database changed
mysql> select msg();
ERROR 1305 (42000): FUNCTION tcadb16.msg does not exist
mysql> CALL msg();
ERROR 1305 (42000): PROCEDURE tcadb16.msg does not exist
mysql> Ase function jyala value return karata yet nahi === Procedure
    -> ;
ERROR 1064 (42000): You have an error in your SQL syntax; check the manual that corresponds to your MySQL server version for the right syntax to use near 'Ase function jyala value return karata yet nahi === Procedure' at line 1
mysql>